?   	github.com/jarymor-ux/kee-route-manager/cmd/kee-route-manager	[no test files]
?   	github.com/jarymor-ux/kee-route-manager/cmd/kee-route-manager-ui	[no test files]
?   	github.com/jarymor-ux/kee-route-manager/cmd/kee-route-managerctl	[no test files]
ok  	github.com/jarymor-ux/kee-route-manager/cmd/kee-route-managerd	0.627s
?   	github.com/jarymor-ux/kee-route-manager/cmd/krm-release-tool	[no test files]
ok  	github.com/jarymor-ux/kee-route-manager/internal/auth	1.291s
ok  	github.com/jarymor-ux/kee-route-manager/internal/bench	(cached)
ok  	github.com/jarymor-ux/kee-route-manager/internal/config	(cached)
ok  	github.com/jarymor-ux/kee-route-manager/internal/control	1.368s
?   	github.com/jarymor-ux/kee-route-manager/internal/control/cli	[no test files]
ok  	github.com/jarymor-ux/kee-route-manager/internal/control/client	(cached)
ok  	github.com/jarymor-ux/kee-route-manager/internal/core	30.827s
ok  	github.com/jarymor-ux/kee-route-manager/internal/daemonlock	(cached)
?   	github.com/jarymor-ux/kee-route-manager/internal/event	[no test files]
ok  	github.com/jarymor-ux/kee-route-manager/internal/logging	1.899s
?   	github.com/jarymor-ux/kee-route-manager/internal/model	[no test files]
ok  	github.com/jarymor-ux/kee-route-manager/internal/operation	2.250s
ok  	github.com/jarymor-ux/kee-route-manager/internal/platform	31.047s
ok  	github.com/jarymor-ux/kee-route-manager/internal/redact	2.399s
ok  	github.com/jarymor-ux/kee-route-manager/internal/store	4.279s
ok  	github.com/jarymor-ux/kee-route-manager/internal/subscription	1.670s
?   	github.com/jarymor-ux/kee-route-manager/internal/tunnel	[no test files]
ok  	github.com/jarymor-ux/kee-route-manager/internal/update	(cached)
ok  	github.com/jarymor-ux/kee-route-manager/internal/web	3.534s
ok  	github.com/jarymor-ux/kee-route-manager/internal/web/ui	3.407s
ok  	github.com/jarymor-ux/kee-route-manager/internal/xray	9.690s
.....
----------------------------------------------------------------------
Ran 5 tests in 25.478s

OK
Source, tests, syntax, embedded assets, templates and adversarial bootstrap checks passed.
