fuzz: elapsed: 0s, gathering baseline coverage: 0/144 completed
fuzz: elapsed: 0s, gathering baseline coverage: 144/144 completed, now fuzzing with 2 workers
fuzz: elapsed: 3s, execs: 3219 (1072/sec), new interesting: 3 (total: 147)
fuzz: elapsed: 3s, execs: 3219 (0/sec), new interesting: 3 (total: 147)
PASS
ok  	github.com/jarymor-ux/kee-route-manager/internal/config	3.365s
fuzz: elapsed: 0s, gathering baseline coverage: 0/154 completed
fuzz: elapsed: 0s, gathering baseline coverage: 154/154 completed, now fuzzing with 2 workers
fuzz: elapsed: 2s, execs: 154657 (76052/sec), new interesting: 12 (total: 166)
PASS
ok  	github.com/jarymor-ux/kee-route-manager/internal/config	6.428s
fuzz: elapsed: 0s, gathering baseline coverage: 0/63 completed
fuzz: elapsed: 0s, gathering baseline coverage: 63/63 completed, now fuzzing with 2 workers
fuzz: elapsed: 3s, execs: 4360 (1452/sec), new interesting: 14 (total: 77)
fuzz: elapsed: 3s, execs: 4360 (0/sec), new interesting: 14 (total: 77)
PASS
ok  	github.com/jarymor-ux/kee-route-manager/internal/update	3.733s
fuzz: elapsed: 0s, gathering baseline coverage: 0/137 completed
fuzz: elapsed: 0s, gathering baseline coverage: 137/137 completed, now fuzzing with 2 workers
fuzz: elapsed: 3s, execs: 40123 (13365/sec), new interesting: 17 (total: 154)
fuzz: elapsed: 3s, execs: 40123 (0/sec), new interesting: 17 (total: 154)
PASS
ok  	github.com/jarymor-ux/kee-route-manager/internal/subscription	3.522s
fuzz: elapsed: 0s, gathering baseline coverage: 0/121 completed
fuzz: elapsed: 0s, gathering baseline coverage: 121/121 completed, now fuzzing with 2 workers
fuzz: elapsed: 3s, execs: 11789 (3928/sec), new interesting: 9 (total: 130)
fuzz: elapsed: 3s, execs: 11789 (0/sec), new interesting: 9 (total: 130)
PASS
ok  	github.com/jarymor-ux/kee-route-manager/internal/redact	3.838s
