fuzz: elapsed: 0s, gathering baseline coverage: 0/147 completed
fuzz: elapsed: 0s, gathering baseline coverage: 147/147 completed, now fuzzing with 2 workers
fuzz: elapsed: 3s, execs: 11935 (3977/sec), new interesting: 10 (total: 157)
fuzz: elapsed: 3s, execs: 11935 (0/sec), new interesting: 10 (total: 157)
PASS
ok  	github.com/jarymor-ux/kee-route-manager/internal/config	3.727s
fuzz: elapsed: 0s, gathering baseline coverage: 0/166 completed
fuzz: elapsed: 0s, gathering baseline coverage: 166/166 completed, now fuzzing with 2 workers
fuzz: elapsed: 2s, execs: 125549 (60704/sec), new interesting: 9 (total: 175)
PASS
ok  	github.com/jarymor-ux/kee-route-manager/internal/config	5.171s
fuzz: elapsed: 0s, gathering baseline coverage: 0/77 completed
fuzz: elapsed: 0s, gathering baseline coverage: 77/77 completed, now fuzzing with 2 workers
fuzz: elapsed: 3s, execs: 4243 (1414/sec), new interesting: 5 (total: 82)
fuzz: elapsed: 3s, execs: 4243 (0/sec), new interesting: 5 (total: 82)
PASS
ok  	github.com/jarymor-ux/kee-route-manager/internal/update	4.742s
fuzz: elapsed: 0s, gathering baseline coverage: 0/154 completed
fuzz: elapsed: 0s, gathering baseline coverage: 154/154 completed, now fuzzing with 2 workers
fuzz: elapsed: 3s, execs: 18423 (6139/sec), new interesting: 5 (total: 159)
fuzz: elapsed: 3s, execs: 18423 (0/sec), new interesting: 5 (total: 159)
PASS
ok  	github.com/jarymor-ux/kee-route-manager/internal/subscription	6.125s
fuzz: elapsed: 0s, gathering baseline coverage: 0/130 completed
fuzz: elapsed: 0s, gathering baseline coverage: 130/130 completed, now fuzzing with 2 workers
fuzz: elapsed: 3s, execs: 6640 (2213/sec), new interesting: 4 (total: 134)
fuzz: elapsed: 3s, execs: 6640 (0/sec), new interesting: 4 (total: 134)
PASS
ok  	github.com/jarymor-ux/kee-route-manager/internal/redact	3.729s
