=== RUN   TestRetryBackoffWithoutUsableCache
=== RUN   TestRetryBackoffWithoutUsableCache/missing
=== RUN   TestRetryBackoffWithoutUsableCache/malformed
=== RUN   TestRetryBackoffWithoutUsableCache/healthy
--- PASS: TestRetryBackoffWithoutUsableCache (0.03s)
    --- PASS: TestRetryBackoffWithoutUsableCache/missing (0.01s)
    --- PASS: TestRetryBackoffWithoutUsableCache/malformed (0.01s)
    --- PASS: TestRetryBackoffWithoutUsableCache/healthy (0.01s)
=== RUN   TestSubscriptionPathSecretsAreRedacted
--- PASS: TestSubscriptionPathSecretsAreRedacted (0.00s)
=== RUN   TestFileSourcesRequireRegularFilesAndCancellation
--- PASS: TestFileSourcesRequireRegularFilesAndCancellation (0.00s)
=== RUN   TestPayloadPreservesALPNCommas
=== RUN   TestPayloadPreservesALPNCommas/plain
=== RUN   TestPayloadPreservesALPNCommas/base64
=== RUN   TestPayloadPreservesALPNCommas/encoded_comma
--- PASS: TestPayloadPreservesALPNCommas (0.00s)
    --- PASS: TestPayloadPreservesALPNCommas/plain (0.00s)
    --- PASS: TestPayloadPreservesALPNCommas/base64 (0.00s)
    --- PASS: TestPayloadPreservesALPNCommas/encoded_comma (0.00s)
PASS
ok  	github.com/jarymor-ux/kee-route-manager/internal/subscription	0.322s
=== RUN   TestURLPathsArePrivate
--- PASS: TestURLPathsArePrivate (0.00s)
PASS
ok  	github.com/jarymor-ux/kee-route-manager/internal/redact	0.479s
=== RUN   TestStatusRedactsSensitiveNodeLabels
2026/10/02 21:13:34 access request_id=77d451a9bd67fee9275a516301eda8bf method=GET path="/api/v1/status" status=200 duration_ms=0
2026/10/02 21:13:34 access request_id=23fccb452674854f424ec35bd24441ea method=GET path="/api/v1/nodes" status=200 duration_ms=0
2026/10/02 21:13:34 access request_id=8d656b92c201fa733a07ecc9539e6f42 method=GET path="/api/v1/status" status=401 duration_ms=0
2026/10/02 21:13:34 access request_id=e34fddaa862f2910e3987bb1c4aee07c method=GET path="/api/v1/status" status=200 duration_ms=0
--- PASS: TestStatusRedactsSensitiveNodeLabels (0.03s)
=== RUN   TestStatusRedactsSubscriptionPathSecrets
2026/10/02 21:13:34 access request_id=a73f387d9f52619e5ab0c0ab00652f17 method=GET path="/api/v1/status" status=200 duration_ms=0
2026/10/02 21:13:34 access request_id=af08c293c718b366131de34c3ea001e9 method=GET path="/api/v1/status" status=401 duration_ms=0
--- PASS: TestStatusRedactsSubscriptionPathSecrets (0.00s)
PASS
ok  	github.com/jarymor-ux/kee-route-manager/internal/web	0.843s
