=== RUN   TestURLPathsArePrivate
    redact_test.go:32: URL path retained: "https://provider.example/sub/SYNTHETIC_PATH_TOKEN"
    redact_test.go:38: URL secret retained: "Get \"https://provider.example/sub/SYNTHETIC_PATH_TOKEN\": <redacted> verification failed"
    redact_test.go:42: useful failure category removed: "Get \"https://provider.example/sub/SYNTHETIC_PATH_TOKEN\": <redacted> verification failed"
    redact_test.go:38: URL secret retained: "Get \"https://<redacted-host>/sub/SYNTHETIC_PATH_TOKEN\": <redacted> verification failed"
    redact_test.go:42: useful failure category removed: "Get \"https://<redacted-host>/sub/SYNTHETIC_PATH_TOKEN\": <redacted> verification failed"
    redact_test.go:32: URL path retained: "https://provider.example/sub/%53YNTHETIC_PATH_TOKEN"
    redact_test.go:38: URL secret retained: "Get \"https://provider.example/sub/%53YNTHETIC_PATH_TOKEN\": <redacted> verification failed"
    redact_test.go:42: useful failure category removed: "Get \"https://provider.example/sub/%53YNTHETIC_PATH_TOKEN\": <redacted> verification failed"
    redact_test.go:38: URL secret retained: "Get \"https://<redacted-host>/sub/%53YNTHETIC_PATH_TOKEN\": <redacted> verification failed"
    redact_test.go:42: useful failure category removed: "Get \"https://<redacted-host>/sub/%53YNTHETIC_PATH_TOKEN\": <redacted> verification failed"
    redact_test.go:32: URL path retained: "https://provider.example/sub/a%2Fb%3Fc"
    redact_test.go:38: URL secret retained: "Get \"https://provider.example/sub/a%2Fb%3Fc\": certificate verification failed"
    redact_test.go:38: URL secret retained: "Get \"https://<redacted-host>/sub/a%2Fb%3Fc\": certificate verification failed"
--- FAIL: TestURLPathsArePrivate (0.00s)
FAIL
FAIL	github.com/jarymor-ux/kee-route-manager/internal/redact	0.325s
=== RUN   TestSubscriptionPathSecretsAreRedacted
    input_regression_test.go:89: subscription secret exposed: "provider: Get \"http://127.0.0.1:0/sub/SYNTHETIC_PATH_TOKEN\": <redacted> tcp 127.0.0.1:0: connect: can't assign requested address"
    input_regression_test.go:89: subscription secret exposed: "Get \"http://127.0.0.1:0/sub/SYNTHETIC_PATH_TOKEN\": <redacted> tcp 127.0.0.1:0: connect: can't assign requested address"
    input_regression_test.go:89: subscription secret exposed: "Get \"http://<redacted-host>/sub/SYNTHETIC_PATH_TOKEN\": <redacted> tcp <redacted-ip>:0: connect: can't assign requested address"
--- FAIL: TestSubscriptionPathSecretsAreRedacted (0.00s)
FAIL
FAIL	github.com/jarymor-ux/kee-route-manager/internal/subscription	0.557s
=== RUN   TestStatusRedactsSubscriptionPathSecrets
2026/10/02 21:12:06 access request_id=27e3067915058863269c59f64ffe1843 method=GET path="/api/v1/status" status=200 duration_ms=0
    input_regression_test.go:57: protected status secret exposure: code=200 body={"version":"","state":{"schema_version":1,"version":"review","updated_at":"2026-10-02T18:12:06.274004Z","started_at":"2026-10-02T18:12:06.274004Z","active_slot":-1,"active_since":"0001-01-01T00:00:00Z","direct_mode":false,"consecutive_failures":0,"consecutive_success":0,"last_health_at":"0001-01-01T00:00:00Z","last_switch_at":"0001-01-01T00:00:00Z","pool":[{"index":0,"tag":"slot-0","healthy":false,"last_verified_at":"0001-01-01T00:00:00Z"}],"measurements":{},"sources":{"provider":{"id":"provider","name":"","status":"unavailable","node_count":0,"last_attempt_at":"2026-10-02T18:12:06.27264Z","last_success_at":"0001-01-01T00:00:00Z","last_error":"Get \"http://127.0.0.1:0/sub/SYNTHETIC_PATH_TOKEN\": \u003credacted\u003e tcp 127.0.0.1:0: connect: can't assign requested address","consecutive_failures":1,"retry_level":0,"next_retry_at":"0001-01-01T00:00:00Z","using_cache":false,"cache_expires_at":"0001-01-01T00:00:00Z"}},"last_benchmark":{"started_at":"0001-01-01T00:00:00Z","finished_at":"0001-01-01T00:00:00Z","node_count":0,"tested_count":0},"xray_configured":false,"xray_generation":0},"capabilities":{"metrics":false,"clients":false,"client_policy":false,"wake_on_lan":false,"reboot":false,"system_logs":false,"diagnostics":false,"managed_firewall":false,"direct_bypass":false},"platform":"","xray_running":false,"server_time":"0001-01-01T00:00:00Z"}
2026/10/02 21:12:06 access request_id=c4e78bec5b079e0566871188df4c1e2d method=GET path="/api/v1/status" status=401 duration_ms=0
--- FAIL: TestStatusRedactsSubscriptionPathSecrets (0.00s)
FAIL
FAIL	github.com/jarymor-ux/kee-route-manager/internal/web	0.865s
FAIL
