=== RUN   TestFetcherCacheBackoffAndRecovery
--- PASS: TestFetcherCacheBackoffAndRecovery (0.02s)
=== RUN   TestAllProvidersOutageHourUsesEmergencyCacheAndBackoff
--- PASS: TestAllProvidersOutageHourUsesEmergencyCacheAndBackoff (0.02s)
=== RUN   TestRetryBackoffWithoutUsableCache
=== RUN   TestRetryBackoffWithoutUsableCache/missing
=== RUN   TestRetryBackoffWithoutUsableCache/malformed
=== RUN   TestRetryBackoffWithoutUsableCache/healthy
--- PASS: TestRetryBackoffWithoutUsableCache (0.03s)
    --- PASS: TestRetryBackoffWithoutUsableCache/missing (0.01s)
    --- PASS: TestRetryBackoffWithoutUsableCache/malformed (0.01s)
    --- PASS: TestRetryBackoffWithoutUsableCache/healthy (0.01s)
=== RUN   TestSubscriptionPathSecretsAreRedacted
--- PASS: TestSubscriptionPathSecretsAreRedacted (0.00s)
=== RUN   TestFileSourcesRequireRegularFilesAndCancellation
--- PASS: TestFileSourcesRequireRegularFilesAndCancellation (0.00s)
=== RUN   TestSubscriptionReadCancellation
--- PASS: TestSubscriptionReadCancellation (0.04s)
=== RUN   TestPayloadPreservesALPNCommas
=== RUN   TestPayloadPreservesALPNCommas/plain
=== RUN   TestPayloadPreservesALPNCommas/base64
=== RUN   TestPayloadPreservesALPNCommas/encoded_comma
--- PASS: TestPayloadPreservesALPNCommas (0.00s)
    --- PASS: TestPayloadPreservesALPNCommas/plain (0.00s)
    --- PASS: TestPayloadPreservesALPNCommas/base64 (0.00s)
    --- PASS: TestPayloadPreservesALPNCommas/encoded_comma (0.00s)
=== RUN   TestCommaURIListPreservesUnicodeLabels
--- PASS: TestCommaURIListPreservesUnicodeLabels (0.00s)
=== RUN   TestParsePlainAndBase64
--- PASS: TestParsePlainAndBase64 (0.00s)
=== RUN   TestDeduplicateAcrossSources
--- PASS: TestDeduplicateAcrossSources (0.00s)
=== RUN   TestUnsupportedRejected
--- PASS: TestUnsupportedRejected (0.00s)
=== RUN   TestFairMergePreservesSmallProviderAndAllSources
--- PASS: TestFairMergePreservesSmallProviderAndAllSources (0.00s)
=== RUN   TestFetcherRedactsSubscriptionErrors
--- PASS: TestFetcherRedactsSubscriptionErrors (0.00s)
=== RUN   FuzzSubscriptionPayload
=== RUN   FuzzSubscriptionPayload/seed#0
=== RUN   FuzzSubscriptionPayload/seed#1
=== RUN   FuzzSubscriptionPayload/seed#2
=== RUN   FuzzSubscriptionPayload/seed#3
--- PASS: FuzzSubscriptionPayload (0.00s)
    --- PASS: FuzzSubscriptionPayload/seed#0 (0.00s)
    --- PASS: FuzzSubscriptionPayload/seed#1 (0.00s)
    --- PASS: FuzzSubscriptionPayload/seed#2 (0.00s)
    --- PASS: FuzzSubscriptionPayload/seed#3 (0.00s)
PASS
ok  	github.com/jarymor-ux/kee-route-manager/internal/subscription	1.546s
