=== RUN   TestManagedFirewallUsesSingleReplaceTransactionAndBypass
--- PASS: TestManagedFirewallUsesSingleReplaceTransactionAndBypass (1.06s)
=== RUN   TestFirewallRefusesUnownedTableAndPolicyConflict
=== RUN   TestFirewallRefusesUnownedTableAndPolicyConflict/table
=== RUN   TestFirewallRefusesUnownedTableAndPolicyConflict/conflict
--- PASS: TestFirewallRefusesUnownedTableAndPolicyConflict (1.09s)
    --- PASS: TestFirewallRefusesUnownedTableAndPolicyConflict/table (0.23s)
    --- PASS: TestFirewallRefusesUnownedTableAndPolicyConflict/conflict (0.86s)
=== RUN   TestKeeneticAdvertisesNoUntestedBypass
--- PASS: TestKeeneticAdvertisesNoUntestedBypass (0.00s)
=== RUN   TestRealNftManagedFirewallLifecycle
    firewall_real_test.go:15: opt-in isolated NET_ADMIN namespace required
--- SKIP: TestRealNftManagedFirewallLifecycle (0.00s)
=== RUN   TestRealNftPolicySelectorDriftPreserved
    firewall_real_test.go:80: opt-in isolated NET_ADMIN namespace required
--- SKIP: TestRealNftPolicySelectorDriftPreserved (0.00s)
=== RUN   TestRenderManagedFirewallIsIPv4ScopedAndDeterministic
--- PASS: TestRenderManagedFirewallIsIPv4ScopedAndDeterministic (0.00s)
=== RUN   TestRegressionWANDisconnected
=== RUN   TestRegressionWANDisconnected/true
    keenetic_regression_test.go:44: connected=true returned_WAN=0xc0000128bf uptime=1234 error=<nil>
=== RUN   TestRegressionWANDisconnected/false
    keenetic_regression_test.go:44: connected=false returned_WAN=0xc000012b0f uptime=1234 error=<nil>
--- PASS: TestRegressionWANDisconnected (0.00s)
    --- PASS: TestRegressionWANDisconnected/true (0.00s)
    --- PASS: TestRegressionWANDisconnected/false (0.00s)
=== RUN   TestRegressionPolicyCancelledRollback
=== RUN   TestRegressionPolicyCancelledRollback/success
    keenetic_regression_test.go:94: mode=success error=<nil> command_log=
        no ip hotspot host 00:11:22:33:44:55 conform
        ip hotspot host 00:11:22:33:44:55 policy Policy1
        system configuration save
=== RUN   TestRegressionPolicyCancelledRollback/verification_failure
    keenetic_regression_test.go:94: mode=verification_failure error=router did not apply policy safely command_log=
        no ip hotspot host 00:11:22:33:44:55 conform
        ip hotspot host 00:11:22:33:44:55 policy Policy1
        ip hotspot host 00:11:22:33:44:55 policy Policy2
        ip hotspot host 00:11:22:33:44:55 permit
        ip hotspot host 00:11:22:33:44:55 conform
        system configuration save
=== RUN   TestRegressionPolicyCancelledRollback/cancel
    keenetic_regression_test.go:94: mode=cancel error=Get "http://127.0.0.1:79/rci/ip/hotspot": context canceled command_log=
        no ip hotspot host 00:11:22:33:44:55 conform
        ip hotspot host 00:11:22:33:44:55 policy Policy1
        ip hotspot host 00:11:22:33:44:55 policy Policy2
        ip hotspot host 00:11:22:33:44:55 permit
        ip hotspot host 00:11:22:33:44:55 conform
        system configuration save
--- PASS: TestRegressionPolicyCancelledRollback (1.38s)
    --- PASS: TestRegressionPolicyCancelledRollback/success (0.52s)
    --- PASS: TestRegressionPolicyCancelledRollback/verification_failure (0.54s)
    --- PASS: TestRegressionPolicyCancelledRollback/cancel (0.32s)
=== RUN   TestPolicyRollbackFailureAndVerificationAreReported
=== RUN   TestPolicyRollbackFailureAndVerificationAreReported/command_failure
=== RUN   TestPolicyRollbackFailureAndVerificationAreReported/restore_drift
=== RUN   TestPolicyRollbackFailureAndVerificationAreReported/deadline
--- PASS: TestPolicyRollbackFailureAndVerificationAreReported (2.78s)
    --- PASS: TestPolicyRollbackFailureAndVerificationAreReported/command_failure (0.48s)
    --- PASS: TestPolicyRollbackFailureAndVerificationAreReported/restore_drift (0.83s)
    --- PASS: TestPolicyRollbackFailureAndVerificationAreReported/deadline (1.47s)
=== RUN   TestWANMetricsRejectUnsafeConnectedInterfaceControl
--- PASS: TestWANMetricsRejectUnsafeConnectedInterfaceControl (0.00s)
=== RUN   TestPolicyRuleIdentityDriftRefusedBeforeEffects
=== RUN   TestPolicyRuleIdentityDriftRefusedBeforeEffects/source/ensure
=== RUN   TestPolicyRuleIdentityDriftRefusedBeforeEffects/source/remove
=== RUN   TestPolicyRuleIdentityDriftRefusedBeforeEffects/mask/ensure
=== RUN   TestPolicyRuleIdentityDriftRefusedBeforeEffects/mask/remove
=== RUN   TestPolicyRuleIdentityDriftRefusedBeforeEffects/iif/ensure
=== RUN   TestPolicyRuleIdentityDriftRefusedBeforeEffects/iif/remove
=== RUN   TestPolicyRuleIdentityDriftRefusedBeforeEffects/oif/ensure
=== RUN   TestPolicyRuleIdentityDriftRefusedBeforeEffects/oif/remove
=== RUN   TestPolicyRuleIdentityDriftRefusedBeforeEffects/priority/ensure
=== RUN   TestPolicyRuleIdentityDriftRefusedBeforeEffects/priority/remove
=== RUN   TestPolicyRuleIdentityDriftRefusedBeforeEffects/legacy/ensure
=== RUN   TestPolicyRuleIdentityDriftRefusedBeforeEffects/legacy/remove
=== RUN   TestPolicyRuleIdentityDriftRefusedBeforeEffects/source_host/ensure
=== RUN   TestPolicyRuleIdentityDriftRefusedBeforeEffects/source_host/remove
=== RUN   TestPolicyRuleIdentityDriftRefusedBeforeEffects/destination/ensure
=== RUN   TestPolicyRuleIdentityDriftRefusedBeforeEffects/destination/remove
=== RUN   TestPolicyRuleIdentityDriftRefusedBeforeEffects/invert/ensure
=== RUN   TestPolicyRuleIdentityDriftRefusedBeforeEffects/invert/remove
=== RUN   TestPolicyRuleIdentityDriftRefusedBeforeEffects/suppress/ensure
=== RUN   TestPolicyRuleIdentityDriftRefusedBeforeEffects/suppress/remove
=== RUN   TestPolicyRuleIdentityDriftRefusedBeforeEffects/unexpected/ensure
=== RUN   TestPolicyRuleIdentityDriftRefusedBeforeEffects/unexpected/remove
=== RUN   TestPolicyRuleIdentityDriftRefusedBeforeEffects/duplicate/ensure
=== RUN   TestPolicyRuleIdentityDriftRefusedBeforeEffects/duplicate/remove
--- PASS: TestPolicyRuleIdentityDriftRefusedBeforeEffects (29.44s)
    --- PASS: TestPolicyRuleIdentityDriftRefusedBeforeEffects/source/ensure (0.84s)
    --- PASS: TestPolicyRuleIdentityDriftRefusedBeforeEffects/source/remove (0.84s)
    --- PASS: TestPolicyRuleIdentityDriftRefusedBeforeEffects/mask/ensure (0.87s)
    --- PASS: TestPolicyRuleIdentityDriftRefusedBeforeEffects/mask/remove (0.83s)
    --- PASS: TestPolicyRuleIdentityDriftRefusedBeforeEffects/iif/ensure (0.85s)
    --- PASS: TestPolicyRuleIdentityDriftRefusedBeforeEffects/iif/remove (0.81s)
    --- PASS: TestPolicyRuleIdentityDriftRefusedBeforeEffects/oif/ensure (1.16s)
    --- PASS: TestPolicyRuleIdentityDriftRefusedBeforeEffects/oif/remove (0.81s)
    --- PASS: TestPolicyRuleIdentityDriftRefusedBeforeEffects/priority/ensure (1.02s)
    --- PASS: TestPolicyRuleIdentityDriftRefusedBeforeEffects/priority/remove (0.84s)
    --- PASS: TestPolicyRuleIdentityDriftRefusedBeforeEffects/legacy/ensure (0.83s)
    --- PASS: TestPolicyRuleIdentityDriftRefusedBeforeEffects/legacy/remove (0.83s)
    --- PASS: TestPolicyRuleIdentityDriftRefusedBeforeEffects/source_host/ensure (5.67s)
    --- PASS: TestPolicyRuleIdentityDriftRefusedBeforeEffects/source_host/remove (1.86s)
    --- PASS: TestPolicyRuleIdentityDriftRefusedBeforeEffects/destination/ensure (1.98s)
    --- PASS: TestPolicyRuleIdentityDriftRefusedBeforeEffects/destination/remove (2.43s)
    --- PASS: TestPolicyRuleIdentityDriftRefusedBeforeEffects/invert/ensure (1.16s)
    --- PASS: TestPolicyRuleIdentityDriftRefusedBeforeEffects/invert/remove (0.97s)
    --- PASS: TestPolicyRuleIdentityDriftRefusedBeforeEffects/suppress/ensure (0.51s)
    --- PASS: TestPolicyRuleIdentityDriftRefusedBeforeEffects/suppress/remove (0.66s)
    --- PASS: TestPolicyRuleIdentityDriftRefusedBeforeEffects/unexpected/ensure (1.02s)
    --- PASS: TestPolicyRuleIdentityDriftRefusedBeforeEffects/unexpected/remove (0.80s)
    --- PASS: TestPolicyRuleIdentityDriftRefusedBeforeEffects/duplicate/ensure (0.84s)
    --- PASS: TestPolicyRuleIdentityDriftRefusedBeforeEffects/duplicate/remove (1.02s)
=== RUN   TestPolicyRuleIdentityNormalizationControl
--- PASS: TestPolicyRuleIdentityNormalizationControl (0.90s)
=== RUN   TestLegacyOwnershipWithAbsentRuleCanMigrateControl
--- PASS: TestLegacyOwnershipWithAbsentRuleCanMigrateControl (0.84s)
=== RUN   TestPolicyIdentityLargeNumbersControl
--- PASS: TestPolicyIdentityLargeNumbersControl (0.00s)
PASS
ok  	github.com/jarymor-ux/kee-route-manager/internal/platform	39.167s
