=== RUN   TestManagedFirewallUsesSingleReplaceTransactionAndBypass
--- PASS: TestManagedFirewallUsesSingleReplaceTransactionAndBypass (0.57s)
=== RUN   TestFirewallRefusesUnownedTableAndPolicyConflict
=== RUN   TestFirewallRefusesUnownedTableAndPolicyConflict/table
=== RUN   TestFirewallRefusesUnownedTableAndPolicyConflict/conflict
--- PASS: TestFirewallRefusesUnownedTableAndPolicyConflict (0.56s)
    --- PASS: TestFirewallRefusesUnownedTableAndPolicyConflict/table (0.21s)
    --- PASS: TestFirewallRefusesUnownedTableAndPolicyConflict/conflict (0.35s)
=== RUN   TestKeeneticAdvertisesNoUntestedBypass
--- PASS: TestKeeneticAdvertisesNoUntestedBypass (0.00s)
=== RUN   TestRealNftManagedFirewallLifecycle
    firewall_real_test.go:15: opt-in isolated NET_ADMIN namespace required
--- SKIP: TestRealNftManagedFirewallLifecycle (0.00s)
=== RUN   TestRenderManagedFirewallIsIPv4ScopedAndDeterministic
--- PASS: TestRenderManagedFirewallIsIPv4ScopedAndDeterministic (0.00s)
=== RUN   TestRegressionWANDisconnected
=== RUN   TestRegressionWANDisconnected/true
    keenetic_regression_test.go:44: connected=true returned_WAN=0xc00029448f uptime=1234 error=<nil>
=== RUN   TestRegressionWANDisconnected/false
    keenetic_regression_test.go:44: connected=false returned_WAN=0xc00029460f uptime=1234 error=<nil>
--- PASS: TestRegressionWANDisconnected (0.00s)
    --- PASS: TestRegressionWANDisconnected/true (0.00s)
    --- PASS: TestRegressionWANDisconnected/false (0.00s)
=== RUN   TestRegressionPolicyCancelledRollback
=== RUN   TestRegressionPolicyCancelledRollback/success
    keenetic_regression_test.go:94: mode=success error=<nil> command_log=
        no ip hotspot host 00:11:22:33:44:55 conform
        ip hotspot host 00:11:22:33:44:55 policy Policy1
        system configuration save
=== RUN   TestRegressionPolicyCancelledRollback/verification_failure
    keenetic_regression_test.go:94: mode=verification_failure error=router did not apply policy safely command_log=
        no ip hotspot host 00:11:22:33:44:55 conform
        ip hotspot host 00:11:22:33:44:55 policy Policy1
        ip hotspot host 00:11:22:33:44:55 policy Policy2
        ip hotspot host 00:11:22:33:44:55 permit
        ip hotspot host 00:11:22:33:44:55 conform
        system configuration save
=== RUN   TestRegressionPolicyCancelledRollback/cancel
    keenetic_regression_test.go:94: mode=cancel error=Get "http://127.0.0.1:79/rci/ip/hotspot": context canceled command_log=
        no ip hotspot host 00:11:22:33:44:55 conform
        ip hotspot host 00:11:22:33:44:55 policy Policy1
        ip hotspot host 00:11:22:33:44:55 policy Policy2
        ip hotspot host 00:11:22:33:44:55 permit
        ip hotspot host 00:11:22:33:44:55 conform
        system configuration save
--- PASS: TestRegressionPolicyCancelledRollback (0.62s)
    --- PASS: TestRegressionPolicyCancelledRollback/success (0.19s)
    --- PASS: TestRegressionPolicyCancelledRollback/verification_failure (0.23s)
    --- PASS: TestRegressionPolicyCancelledRollback/cancel (0.20s)
=== RUN   TestPolicyRollbackFailureAndVerificationAreReported
=== RUN   TestPolicyRollbackFailureAndVerificationAreReported/command_failure
    keenetic_regression_test.go:160: command failure hidden: command timed out: /var/folders/x9/wr7234px6r9963gf_n47p1pm0000gn/T/TestPolicyRollbackFailureAndVerificationAreReportedcommand_fail3757303091/001/fake-ndmc
        client policy rollback: command timed out: /var/folders/x9/wr7234px6r9963gf_n47p1pm0000gn/T/TestPolicyRollbackFailureAndVerificationAreReportedcommand_fail3757303091/001/fake-ndmc
        command timed out: /var/folders/x9/wr7234px6r9963gf_n47p1pm0000gn/T/TestPolicyRollbackFailureAndVerificationAreReportedcommand_fail3757303091/001/fake-ndmc
        command timed out: /var/folders/x9/wr7234px6r9963gf_n47p1pm0000gn/T/TestPolicyRollbackFailureAndVerificationAreReportedcommand_fail3757303091/001/fake-ndmc
        command timed out: /var/folders/x9/wr7234px6r9963gf_n47p1pm0000gn/T/TestPolicyRollbackFailureAndVerificationAreReportedcommand_fail3757303091/001/fake-ndmc
        Get "http://127.0.0.1:79/rci/ip/hotspot": context canceled
=== RUN   TestPolicyRollbackFailureAndVerificationAreReported/restore_drift
    keenetic_regression_test.go:163: verification drift hidden: command timed out: /var/folders/x9/wr7234px6r9963gf_n47p1pm0000gn/T/TestPolicyRollbackFailureAndVerificationAreReportedrestore_drif2534494451/001/fake-ndmc
        client policy rollback: command timed out: /var/folders/x9/wr7234px6r9963gf_n47p1pm0000gn/T/TestPolicyRollbackFailureAndVerificationAreReportedrestore_drif2534494451/001/fake-ndmc
        command timed out: /var/folders/x9/wr7234px6r9963gf_n47p1pm0000gn/T/TestPolicyRollbackFailureAndVerificationAreReportedrestore_drif2534494451/001/fake-ndmc
        command timed out: /var/folders/x9/wr7234px6r9963gf_n47p1pm0000gn/T/TestPolicyRollbackFailureAndVerificationAreReportedrestore_drif2534494451/001/fake-ndmc
        command timed out: /var/folders/x9/wr7234px6r9963gf_n47p1pm0000gn/T/TestPolicyRollbackFailureAndVerificationAreReportedrestore_drif2534494451/001/fake-ndmc
        Get "http://127.0.0.1:79/rci/ip/hotspot": context canceled
=== RUN   TestPolicyRollbackFailureAndVerificationAreReported/deadline
--- FAIL: TestPolicyRollbackFailureAndVerificationAreReported (0.62s)
    --- FAIL: TestPolicyRollbackFailureAndVerificationAreReported/command_failure (0.20s)
    --- FAIL: TestPolicyRollbackFailureAndVerificationAreReported/restore_drift (0.21s)
    --- PASS: TestPolicyRollbackFailureAndVerificationAreReported/deadline (0.21s)
=== RUN   TestWANMetricsRejectUnsafeConnectedInterfaceControl
--- PASS: TestWANMetricsRejectUnsafeConnectedInterfaceControl (0.00s)
=== RUN   TestPolicyRuleIdentityDriftRefusedBeforeEffects
=== RUN   TestPolicyRuleIdentityDriftRefusedBeforeEffects/source_host/ensure
=== RUN   TestPolicyRuleIdentityDriftRefusedBeforeEffects/source_host/remove
=== RUN   TestPolicyRuleIdentityDriftRefusedBeforeEffects/destination/ensure
=== RUN   TestPolicyRuleIdentityDriftRefusedBeforeEffects/destination/remove
=== RUN   TestPolicyRuleIdentityDriftRefusedBeforeEffects/mask/ensure
=== RUN   TestPolicyRuleIdentityDriftRefusedBeforeEffects/mask/remove
=== RUN   TestPolicyRuleIdentityDriftRefusedBeforeEffects/invert/ensure
=== RUN   TestPolicyRuleIdentityDriftRefusedBeforeEffects/invert/remove
=== RUN   TestPolicyRuleIdentityDriftRefusedBeforeEffects/oif/ensure
=== RUN   TestPolicyRuleIdentityDriftRefusedBeforeEffects/oif/remove
=== RUN   TestPolicyRuleIdentityDriftRefusedBeforeEffects/unexpected/ensure
=== RUN   TestPolicyRuleIdentityDriftRefusedBeforeEffects/unexpected/remove
=== RUN   TestPolicyRuleIdentityDriftRefusedBeforeEffects/source/ensure
=== RUN   TestPolicyRuleIdentityDriftRefusedBeforeEffects/source/remove
=== RUN   TestPolicyRuleIdentityDriftRefusedBeforeEffects/iif/ensure
=== RUN   TestPolicyRuleIdentityDriftRefusedBeforeEffects/iif/remove
=== RUN   TestPolicyRuleIdentityDriftRefusedBeforeEffects/priority/ensure
=== RUN   TestPolicyRuleIdentityDriftRefusedBeforeEffects/priority/remove
=== RUN   TestPolicyRuleIdentityDriftRefusedBeforeEffects/suppress/ensure
=== RUN   TestPolicyRuleIdentityDriftRefusedBeforeEffects/suppress/remove
=== RUN   TestPolicyRuleIdentityDriftRefusedBeforeEffects/duplicate/ensure
=== RUN   TestPolicyRuleIdentityDriftRefusedBeforeEffects/duplicate/remove
=== RUN   TestPolicyRuleIdentityDriftRefusedBeforeEffects/legacy/ensure
=== RUN   TestPolicyRuleIdentityDriftRefusedBeforeEffects/legacy/remove
--- PASS: TestPolicyRuleIdentityDriftRefusedBeforeEffects (10.23s)
    --- PASS: TestPolicyRuleIdentityDriftRefusedBeforeEffects/source_host/ensure (0.38s)
    --- PASS: TestPolicyRuleIdentityDriftRefusedBeforeEffects/source_host/remove (0.41s)
    --- PASS: TestPolicyRuleIdentityDriftRefusedBeforeEffects/destination/ensure (0.42s)
    --- PASS: TestPolicyRuleIdentityDriftRefusedBeforeEffects/destination/remove (0.41s)
    --- PASS: TestPolicyRuleIdentityDriftRefusedBeforeEffects/mask/ensure (0.42s)
    --- PASS: TestPolicyRuleIdentityDriftRefusedBeforeEffects/mask/remove (0.43s)
    --- PASS: TestPolicyRuleIdentityDriftRefusedBeforeEffects/invert/ensure (0.43s)
    --- PASS: TestPolicyRuleIdentityDriftRefusedBeforeEffects/invert/remove (0.67s)
    --- PASS: TestPolicyRuleIdentityDriftRefusedBeforeEffects/oif/ensure (0.43s)
    --- PASS: TestPolicyRuleIdentityDriftRefusedBeforeEffects/oif/remove (0.45s)
    --- PASS: TestPolicyRuleIdentityDriftRefusedBeforeEffects/unexpected/ensure (0.42s)
    --- PASS: TestPolicyRuleIdentityDriftRefusedBeforeEffects/unexpected/remove (0.42s)
    --- PASS: TestPolicyRuleIdentityDriftRefusedBeforeEffects/source/ensure (0.42s)
    --- PASS: TestPolicyRuleIdentityDriftRefusedBeforeEffects/source/remove (0.41s)
    --- PASS: TestPolicyRuleIdentityDriftRefusedBeforeEffects/iif/ensure (0.42s)
    --- PASS: TestPolicyRuleIdentityDriftRefusedBeforeEffects/iif/remove (0.38s)
    --- PASS: TestPolicyRuleIdentityDriftRefusedBeforeEffects/priority/ensure (0.41s)
    --- PASS: TestPolicyRuleIdentityDriftRefusedBeforeEffects/priority/remove (0.42s)
    --- PASS: TestPolicyRuleIdentityDriftRefusedBeforeEffects/suppress/ensure (0.41s)
    --- PASS: TestPolicyRuleIdentityDriftRefusedBeforeEffects/suppress/remove (0.42s)
    --- PASS: TestPolicyRuleIdentityDriftRefusedBeforeEffects/duplicate/ensure (0.42s)
    --- PASS: TestPolicyRuleIdentityDriftRefusedBeforeEffects/duplicate/remove (0.41s)
    --- PASS: TestPolicyRuleIdentityDriftRefusedBeforeEffects/legacy/ensure (0.42s)
    --- PASS: TestPolicyRuleIdentityDriftRefusedBeforeEffects/legacy/remove (0.42s)
=== RUN   TestPolicyRuleIdentityNormalizationControl
--- PASS: TestPolicyRuleIdentityNormalizationControl (0.49s)
FAIL
FAIL	github.com/jarymor-ux/kee-route-manager/internal/platform	13.489s
FAIL
