?   	github.com/jarymor-ux/kee-route-manager/cmd/kee-route-manager	[no test files]
?   	github.com/jarymor-ux/kee-route-manager/cmd/kee-route-manager-ui	[no test files]
?   	github.com/jarymor-ux/kee-route-manager/cmd/kee-route-managerctl	[no test files]
ok  	github.com/jarymor-ux/kee-route-manager/cmd/kee-route-managerd	1.702s
?   	github.com/jarymor-ux/kee-route-manager/cmd/krm-release-tool	[no test files]
ok  	github.com/jarymor-ux/kee-route-manager/internal/auth	11.064s
ok  	github.com/jarymor-ux/kee-route-manager/internal/bench	1.979s
ok  	github.com/jarymor-ux/kee-route-manager/internal/config	2.674s
ok  	github.com/jarymor-ux/kee-route-manager/internal/control	2.922s
?   	github.com/jarymor-ux/kee-route-manager/internal/control/cli	[no test files]
ok  	github.com/jarymor-ux/kee-route-manager/internal/control/client	3.235s
ok  	github.com/jarymor-ux/kee-route-manager/internal/core	57.896s
ok  	github.com/jarymor-ux/kee-route-manager/internal/daemonlock	4.358s
?   	github.com/jarymor-ux/kee-route-manager/internal/event	[no test files]
ok  	github.com/jarymor-ux/kee-route-manager/internal/logging	4.025s
?   	github.com/jarymor-ux/kee-route-manager/internal/model	[no test files]
ok  	github.com/jarymor-ux/kee-route-manager/internal/operation	4.378s
ok  	github.com/jarymor-ux/kee-route-manager/internal/platform	21.514s
ok  	github.com/jarymor-ux/kee-route-manager/internal/redact	4.524s
ok  	github.com/jarymor-ux/kee-route-manager/internal/store	19.835s
ok  	github.com/jarymor-ux/kee-route-manager/internal/subscription	3.651s
?   	github.com/jarymor-ux/kee-route-manager/internal/tunnel	[no test files]
ok  	github.com/jarymor-ux/kee-route-manager/internal/update	3.236s
ok  	github.com/jarymor-ux/kee-route-manager/internal/web	9.047s
ok  	github.com/jarymor-ux/kee-route-manager/internal/web/ui	3.137s
ok  	github.com/jarymor-ux/kee-route-manager/internal/xray	5.148s
