?   	github.com/jarymor-ux/kee-route-manager/cmd/kee-route-manager	[no test files]
?   	github.com/jarymor-ux/kee-route-manager/cmd/kee-route-manager-ui	[no test files]
?   	github.com/jarymor-ux/kee-route-manager/cmd/kee-route-managerctl	[no test files]
ok  	github.com/jarymor-ux/kee-route-manager/cmd/kee-route-managerd	1.983s
?   	github.com/jarymor-ux/kee-route-manager/cmd/krm-release-tool	[no test files]
ok  	github.com/jarymor-ux/kee-route-manager/internal/auth	12.084s
ok  	github.com/jarymor-ux/kee-route-manager/internal/bench	2.849s
ok  	github.com/jarymor-ux/kee-route-manager/internal/config	2.579s
ok  	github.com/jarymor-ux/kee-route-manager/internal/control	3.406s
?   	github.com/jarymor-ux/kee-route-manager/internal/control/cli	[no test files]
ok  	github.com/jarymor-ux/kee-route-manager/internal/control/client	3.010s
ok  	github.com/jarymor-ux/kee-route-manager/internal/core	64.406s
ok  	github.com/jarymor-ux/kee-route-manager/internal/daemonlock	5.204s
?   	github.com/jarymor-ux/kee-route-manager/internal/event	[no test files]
ok  	github.com/jarymor-ux/kee-route-manager/internal/logging	4.846s
?   	github.com/jarymor-ux/kee-route-manager/internal/model	[no test files]
ok  	github.com/jarymor-ux/kee-route-manager/internal/operation	4.568s
ok  	github.com/jarymor-ux/kee-route-manager/internal/platform	47.632s
ok  	github.com/jarymor-ux/kee-route-manager/internal/redact	5.167s
ok  	github.com/jarymor-ux/kee-route-manager/internal/store	21.566s
ok  	github.com/jarymor-ux/kee-route-manager/internal/subscription	4.117s
?   	github.com/jarymor-ux/kee-route-manager/internal/tunnel	[no test files]
ok  	github.com/jarymor-ux/kee-route-manager/internal/update	4.170s
ok  	github.com/jarymor-ux/kee-route-manager/internal/web	34.485s
ok  	github.com/jarymor-ux/kee-route-manager/internal/web/ui	4.176s
ok  	github.com/jarymor-ux/kee-route-manager/internal/xray	14.748s
