=== RUN   TestRegressionSingleSlotReplacement
=== RUN   TestRegressionSingleSlotReplacement/1
    routing_regression_test.go:47: size=1 active=active pool=[{Index:0 Tag:krm-slot-0 NodeID:active Label: Sources:[] Healthy:true LastVerifiedAt:0001-01-01 00:00:00 +0000 UTC Score:0}] healthy replacement measurement={NodeID:fallback LatencyMS:0 ResponseMS:0 SpeedMbps:0 Score:1 Failures:0 Successes:0 Healthy:true Error: CheckedAt:0001-01-01 00:00:00 +0000 UTC}
    routing_regression_test.go:49: healthy replacement discarded
=== RUN   TestRegressionSingleSlotReplacement/2
    routing_regression_test.go:47: size=2 active=fallback pool=[{Index:0 Tag:krm-slot-0 NodeID:active Label:active Sources:[] Healthy:false LastVerifiedAt:0001-01-01 00:00:00 +0000 UTC Score:999999} {Index:1 Tag:krm-slot-1 NodeID:fallback Label:fallback Sources:[] Healthy:true LastVerifiedAt:0001-01-01 00:00:00 +0000 UTC Score:1}] healthy replacement measurement={NodeID:fallback LatencyMS:0 ResponseMS:0 SpeedMbps:0 Score:1 Failures:0 Successes:0 Healthy:true Error: CheckedAt:0001-01-01 00:00:00 +0000 UTC}
--- FAIL: TestRegressionSingleSlotReplacement (0.21s)
    --- FAIL: TestRegressionSingleSlotReplacement/1 (0.09s)
    --- PASS: TestRegressionSingleSlotReplacement/2 (0.12s)
=== RUN   TestRegressionRecoveryWithAlternatingWinners
=== RUN   TestRegressionRecoveryWithAlternatingWinners/alternating
    routing_regression_test.go:93: round=0 direct=true candidate=active counter=1
    routing_regression_test.go:93: round=1 direct=true candidate=fallback counter=1
    routing_regression_test.go:96: healthy VPN did not recover
=== RUN   TestRegressionRecoveryWithAlternatingWinners/stable
    routing_regression_test.go:93: round=0 direct=true candidate=active counter=1
    routing_regression_test.go:93: round=1 direct=false candidate= counter=0
--- FAIL: TestRegressionRecoveryWithAlternatingWinners (0.12s)
    --- FAIL: TestRegressionRecoveryWithAlternatingWinners/alternating (0.03s)
    --- PASS: TestRegressionRecoveryWithAlternatingWinners/stable (0.09s)
=== RUN   TestRegressionEmergencyBudgetWAN
=== RUN   TestRegressionEmergencyBudgetWAN/200ms
    routing_regression_test.go:135: budget=200ms classification=vpn_path_failed direct=false active=active WAN HTTP requests=2
    routing_regression_test.go:137: WAN confirmation starved
=== RUN   TestRegressionEmergencyBudgetWAN/600ms
    routing_regression_test.go:135: budget=600ms classification=vpn_path_failed direct=true active= WAN HTTP requests=4
--- FAIL: TestRegressionEmergencyBudgetWAN (0.54s)
    --- FAIL: TestRegressionEmergencyBudgetWAN/200ms (0.24s)
    --- PASS: TestRegressionEmergencyBudgetWAN/600ms (0.30s)
FAIL
FAIL	github.com/jarymor-ux/kee-route-manager/internal/core	1.256s
FAIL
