=== RUN   TestTransactionReplayPreservesOperatorChanges
=== RUN   TestTransactionReplayPreservesOperatorChanges/base_target/pending_false
    transactions_regression_test.go:116: before replay: pending=false drift="adopted routing target drift detected" hash_changed=false
    transactions_regression_test.go:140: NEGATIVE: startup refused and preserved edit: managed tunnel routing drift detected: adopted routing target drift detected
=== RUN   TestTransactionReplayPreservesOperatorChanges/base_target/pending_true
    transactions_regression_test.go:116: before replay: pending=true drift="adopted routing target drift detected" hash_changed=false
    transactions_regression_test.go:124: pending replay must refuse operator drift
=== RUN   TestTransactionReplayPreservesOperatorChanges/managed_hash/pending_false
    transactions_regression_test.go:116: before replay: pending=false drift="" hash_changed=true
    transactions_regression_test.go:140: NEGATIVE: startup refused and preserved edit: managed tunnel configuration drift detected during startup
=== RUN   TestTransactionReplayPreservesOperatorChanges/managed_hash/pending_true
    transactions_regression_test.go:116: before replay: pending=true drift="" hash_changed=true
    transactions_regression_test.go:124: pending replay must refuse operator drift
--- FAIL: TestTransactionReplayPreservesOperatorChanges (1.97s)
    --- PASS: TestTransactionReplayPreservesOperatorChanges/base_target/pending_false (0.38s)
    --- FAIL: TestTransactionReplayPreservesOperatorChanges/base_target/pending_true (0.59s)
    --- PASS: TestTransactionReplayPreservesOperatorChanges/managed_hash/pending_false (0.40s)
    --- FAIL: TestTransactionReplayPreservesOperatorChanges/managed_hash/pending_true (0.60s)
=== RUN   TestActionEventRoundTripWithLargeDiagnostics
=== RUN   TestActionEventRoundTripWithLargeDiagnostics/65536
    transactions_regression_test.go:171: action error bytes=65669
    transactions_regression_test.go:176: durable event file bytes=66014
=== RUN   TestActionEventRoundTripWithLargeDiagnostics/1049600
    transactions_regression_test.go:171: action error bytes=1049735
    transactions_regression_test.go:176: durable event file bytes=1050080
    transactions_regression_test.go:180: persisted diagnostic must reopen: bufio.Scanner: token too long
--- FAIL: TestActionEventRoundTripWithLargeDiagnostics (1.29s)
    --- PASS: TestActionEventRoundTripWithLargeDiagnostics/65536 (0.45s)
    --- FAIL: TestActionEventRoundTripWithLargeDiagnostics/1049600 (0.84s)
FAIL
FAIL	github.com/jarymor-ux/kee-route-manager/internal/core	3.901s
FAIL
