=== RUN   TestBenchmarkNeverEntersDirect
--- PASS: TestBenchmarkNeverEntersDirect (0.09s)
=== RUN   TestBenchmarkAfterFailoverKeepsFallback
--- PASS: TestBenchmarkAfterFailoverKeepsFallback (0.14s)
=== RUN   TestXrayFailureUsesIndependentBypass
--- PASS: TestXrayFailureUsesIndependentBypass (0.09s)
=== RUN   TestUnsupportedBypassDoesNotClaimDirect
--- PASS: TestUnsupportedBypassDoesNotClaimDirect (0.03s)
=== RUN   TestRestoreResetsControllerState
--- PASS: TestRestoreResetsControllerState (0.11s)
=== RUN   TestCachedStatusDoesNotExecutePlatformCommands
--- PASS: TestCachedStatusDoesNotExecutePlatformCommands (0.01s)
=== RUN   TestBenchmarkReservationIsSynchronous
--- PASS: TestBenchmarkReservationIsSynchronous (0.11s)
=== RUN   TestInterruptedSelectionReplaysJournal
--- PASS: TestInterruptedSelectionReplaysJournal (0.20s)
=== RUN   TestCrashRecoveryAtEveryJournalStep
=== RUN   TestCrashRecoveryAtEveryJournalStep/PREPARED
=== RUN   TestCrashRecoveryAtEveryJournalStep/XRAY_FILES_STAGED
=== RUN   TestCrashRecoveryAtEveryJournalStep/XRAY_RUNTIME_APPLIED
=== RUN   TestCrashRecoveryAtEveryJournalStep/FIREWALL_APPLIED
=== RUN   TestCrashRecoveryAtEveryJournalStep/SELECTION_APPLIED
=== RUN   TestCrashRecoveryAtEveryJournalStep/STATE_COMMITTED
--- PASS: TestCrashRecoveryAtEveryJournalStep (0.79s)
    --- PASS: TestCrashRecoveryAtEveryJournalStep/PREPARED (0.10s)
    --- PASS: TestCrashRecoveryAtEveryJournalStep/XRAY_FILES_STAGED (0.16s)
    --- PASS: TestCrashRecoveryAtEveryJournalStep/XRAY_RUNTIME_APPLIED (0.10s)
    --- PASS: TestCrashRecoveryAtEveryJournalStep/FIREWALL_APPLIED (0.10s)
    --- PASS: TestCrashRecoveryAtEveryJournalStep/SELECTION_APPLIED (0.19s)
    --- PASS: TestCrashRecoveryAtEveryJournalStep/STATE_COMMITTED (0.13s)
=== RUN   TestEmergencyFallbackProbesAreParallel
--- PASS: TestEmergencyFallbackProbesAreParallel (0.01s)
=== RUN   TestStopWaitsForReservedBenchmarkAndRejectsLateWork
--- PASS: TestStopWaitsForReservedBenchmarkAndRejectsLateWork (0.12s)
=== RUN   TestHealthStateMachineComparesWANBeforeFailover
=== RUN   TestHealthStateMachineComparesWANBeforeFailover/all_monitoring_targets_down
=== RUN   TestHealthStateMachineComparesWANBeforeFailover/one_target_down_VPN_intact
=== RUN   TestHealthStateMachineComparesWANBeforeFailover/active_VPN_down
=== RUN   TestHealthStateMachineComparesWANBeforeFailover/all_VPN_down_WAN_alive
--- PASS: TestHealthStateMachineComparesWANBeforeFailover (0.27s)
    --- PASS: TestHealthStateMachineComparesWANBeforeFailover/all_monitoring_targets_down (0.04s)
    --- PASS: TestHealthStateMachineComparesWANBeforeFailover/one_target_down_VPN_intact (0.01s)
    --- PASS: TestHealthStateMachineComparesWANBeforeFailover/active_VPN_down (0.09s)
    --- PASS: TestHealthStateMachineComparesWANBeforeFailover/all_VPN_down_WAN_alive (0.12s)
=== RUN   TestRetainActiveNodeDuringPoolRefresh
--- PASS: TestRetainActiveNodeDuringPoolRefresh (0.00s)
=== RUN   TestRetainActiveNodeDoesNotDuplicate
--- PASS: TestRetainActiveNodeDoesNotDuplicate (0.00s)
=== RUN   TestProviderDiversityIsSoft
--- PASS: TestProviderDiversityIsSoft (0.00s)
=== RUN   TestAssignSlotsPreservesActiveIdentity
--- PASS: TestAssignSlotsPreservesActiveIdentity (0.00s)
=== RUN   TestRegressionSingleSlotReplacement
=== RUN   TestRegressionSingleSlotReplacement/1
    routing_regression_test.go:47: size=1 active=fallback pool=[{Index:0 Tag:krm-slot-0 NodeID:fallback Label:fallback Sources:[] Healthy:true LastVerifiedAt:0001-01-01 00:00:00 +0000 UTC Score:1}] healthy replacement measurement={NodeID:fallback LatencyMS:0 ResponseMS:0 SpeedMbps:0 Score:1 Failures:0 Successes:0 Healthy:true Error: CheckedAt:0001-01-01 00:00:00 +0000 UTC}
=== RUN   TestRegressionSingleSlotReplacement/2
    routing_regression_test.go:47: size=2 active=fallback pool=[{Index:0 Tag:krm-slot-0 NodeID:active Label:active Sources:[] Healthy:false LastVerifiedAt:0001-01-01 00:00:00 +0000 UTC Score:999999} {Index:1 Tag:krm-slot-1 NodeID:fallback Label:fallback Sources:[] Healthy:true LastVerifiedAt:0001-01-01 00:00:00 +0000 UTC Score:1}] healthy replacement measurement={NodeID:fallback LatencyMS:0 ResponseMS:0 SpeedMbps:0 Score:1 Failures:0 Successes:0 Healthy:true Error: CheckedAt:0001-01-01 00:00:00 +0000 UTC}
--- PASS: TestRegressionSingleSlotReplacement (0.28s)
    --- PASS: TestRegressionSingleSlotReplacement/1 (0.14s)
    --- PASS: TestRegressionSingleSlotReplacement/2 (0.14s)
=== RUN   TestRegressionRecoveryWithAlternatingWinners
=== RUN   TestRegressionRecoveryWithAlternatingWinners/alternating
    routing_regression_test.go:93: round=0 direct=true candidate=active counter=1
    routing_regression_test.go:93: round=1 direct=false candidate= counter=0
=== RUN   TestRegressionRecoveryWithAlternatingWinners/stable
    routing_regression_test.go:93: round=0 direct=true candidate=active counter=1
    routing_regression_test.go:93: round=1 direct=false candidate= counter=0
--- PASS: TestRegressionRecoveryWithAlternatingWinners (0.32s)
    --- PASS: TestRegressionRecoveryWithAlternatingWinners/alternating (0.24s)
    --- PASS: TestRegressionRecoveryWithAlternatingWinners/stable (0.09s)
=== RUN   TestRegressionEmergencyBudgetWAN
=== RUN   TestRegressionEmergencyBudgetWAN/200ms
    routing_regression_test.go:135: budget=200ms classification=vpn_path_failed direct=true active= WAN HTTP requests=4
=== RUN   TestRegressionEmergencyBudgetWAN/600ms
    routing_regression_test.go:135: budget=600ms classification=vpn_path_failed direct=true active= WAN HTTP requests=4
--- PASS: TestRegressionEmergencyBudgetWAN (0.55s)
    --- PASS: TestRegressionEmergencyBudgetWAN/200ms (0.25s)
    --- PASS: TestRegressionEmergencyBudgetWAN/600ms (0.30s)
=== RUN   TestRegressionSingleSlotPreservesUnauthorizedRoute
=== RUN   TestRegressionSingleSlotPreservesUnauthorizedRoute/auto
=== RUN   TestRegressionSingleSlotPreservesUnauthorizedRoute/manual-direct
--- PASS: TestRegressionSingleSlotPreservesUnauthorizedRoute (0.26s)
    --- PASS: TestRegressionSingleSlotPreservesUnauthorizedRoute/auto (0.14s)
    --- PASS: TestRegressionSingleSlotPreservesUnauthorizedRoute/manual-direct (0.12s)
=== RUN   TestRegressionRecoveryCandidateFailureResetsThreshold
--- PASS: TestRegressionRecoveryCandidateFailureResetsThreshold (0.08s)
=== RUN   TestRegressionEmergencyRequiresWANQuorum
--- PASS: TestRegressionEmergencyRequiresWANQuorum (0.17s)
=== RUN   TestTransactionReplayPreservesOperatorChanges
=== RUN   TestTransactionReplayPreservesOperatorChanges/base_target/pending_false
    transactions_regression_test.go:78: before replay: pending=false drift="adopted routing target drift detected" hash_changed=false
    transactions_regression_test.go:102: NEGATIVE: startup refused and preserved edit: managed tunnel routing drift detected: adopted routing target drift detected
=== RUN   TestTransactionReplayPreservesOperatorChanges/base_target/pending_true
    transactions_regression_test.go:78: before replay: pending=true drift="adopted routing target drift detected" hash_changed=false
=== RUN   TestTransactionReplayPreservesOperatorChanges/managed_hash/pending_false
    transactions_regression_test.go:78: before replay: pending=false drift="" hash_changed=true
    transactions_regression_test.go:102: NEGATIVE: startup refused and preserved edit: managed tunnel configuration drift detected during startup
=== RUN   TestTransactionReplayPreservesOperatorChanges/managed_hash/pending_true
    transactions_regression_test.go:78: before replay: pending=true drift="" hash_changed=true
--- PASS: TestTransactionReplayPreservesOperatorChanges (1.48s)
    --- PASS: TestTransactionReplayPreservesOperatorChanges/base_target/pending_false (0.36s)
    --- PASS: TestTransactionReplayPreservesOperatorChanges/base_target/pending_true (0.37s)
    --- PASS: TestTransactionReplayPreservesOperatorChanges/managed_hash/pending_false (0.37s)
    --- PASS: TestTransactionReplayPreservesOperatorChanges/managed_hash/pending_true (0.38s)
=== RUN   TestActionEventRoundTripWithLargeDiagnostics
=== RUN   TestActionEventRoundTripWithLargeDiagnostics/65536
    transactions_regression_test.go:133: action error bytes=65668
    transactions_regression_test.go:138: durable event file bytes=66013
=== RUN   TestActionEventRoundTripWithLargeDiagnostics/1049600
    transactions_regression_test.go:133: action error bytes=1049735
    transactions_regression_test.go:138: durable event file bytes=1048742
--- PASS: TestActionEventRoundTripWithLargeDiagnostics (20.74s)
    --- PASS: TestActionEventRoundTripWithLargeDiagnostics/65536 (1.43s)
    --- PASS: TestActionEventRoundTripWithLargeDiagnostics/1049600 (19.31s)
=== RUN   TestProvenReplayRefusesOperatorChanges
=== RUN   TestProvenReplayRefusesOperatorChanges/base_target
=== RUN   TestProvenReplayRefusesOperatorChanges/managed_hash
=== RUN   TestProvenReplayRefusesOperatorChanges/managed_missing
=== RUN   TestProvenReplayRefusesOperatorChanges/base_unrelated
--- PASS: TestProvenReplayRefusesOperatorChanges (1.82s)
    --- PASS: TestProvenReplayRefusesOperatorChanges/base_target (0.63s)
    --- PASS: TestProvenReplayRefusesOperatorChanges/managed_hash (0.40s)
    --- PASS: TestProvenReplayRefusesOperatorChanges/managed_missing (0.40s)
    --- PASS: TestProvenReplayRefusesOperatorChanges/base_unrelated (0.38s)
=== RUN   TestReplayAcceptsEveryPartialFileWrite
=== RUN   TestReplayAcceptsEveryPartialFileWrite/bootstrap/cut0
=== RUN   TestReplayAcceptsEveryPartialFileWrite/bootstrap/cut1
=== RUN   TestReplayAcceptsEveryPartialFileWrite/bootstrap/cut2
=== RUN   TestReplayAcceptsEveryPartialFileWrite/bootstrap/cut3
=== RUN   TestReplayAcceptsEveryPartialFileWrite/bootstrap/cut4
=== RUN   TestReplayAcceptsEveryPartialFileWrite/bootstrap/cut5
=== RUN   TestReplayAcceptsEveryPartialFileWrite/pool/cut0
=== RUN   TestReplayAcceptsEveryPartialFileWrite/pool/cut1
=== RUN   TestReplayAcceptsEveryPartialFileWrite/pool/cut2
=== RUN   TestReplayAcceptsEveryPartialFileWrite/pool/cut3
=== RUN   TestReplayAcceptsEveryPartialFileWrite/pool/cut4
=== RUN   TestReplayAcceptsEveryPartialFileWrite/pool/cut5
=== RUN   TestReplayAcceptsEveryPartialFileWrite/select/cut0
=== RUN   TestReplayAcceptsEveryPartialFileWrite/select/cut1
=== RUN   TestReplayAcceptsEveryPartialFileWrite/select/cut2
=== RUN   TestReplayAcceptsEveryPartialFileWrite/select/cut3
=== RUN   TestReplayAcceptsEveryPartialFileWrite/select/cut4
=== RUN   TestReplayAcceptsEveryPartialFileWrite/select/cut5
=== RUN   TestReplayAcceptsEveryPartialFileWrite/restore/cut0
=== RUN   TestReplayAcceptsEveryPartialFileWrite/restore/cut1
=== RUN   TestReplayAcceptsEveryPartialFileWrite/restore/cut2
=== RUN   TestReplayAcceptsEveryPartialFileWrite/restore/cut3
=== RUN   TestReplayAcceptsEveryPartialFileWrite/restore/cut4
=== RUN   TestReplayAcceptsEveryPartialFileWrite/restore/cut5
--- PASS: TestReplayAcceptsEveryPartialFileWrite (14.65s)
    --- PASS: TestReplayAcceptsEveryPartialFileWrite/bootstrap/cut0 (0.46s)
    --- PASS: TestReplayAcceptsEveryPartialFileWrite/bootstrap/cut1 (0.47s)
    --- PASS: TestReplayAcceptsEveryPartialFileWrite/bootstrap/cut2 (0.47s)
    --- PASS: TestReplayAcceptsEveryPartialFileWrite/bootstrap/cut3 (0.46s)
    --- PASS: TestReplayAcceptsEveryPartialFileWrite/bootstrap/cut4 (0.48s)
    --- PASS: TestReplayAcceptsEveryPartialFileWrite/bootstrap/cut5 (0.47s)
    --- PASS: TestReplayAcceptsEveryPartialFileWrite/pool/cut0 (0.66s)
    --- PASS: TestReplayAcceptsEveryPartialFileWrite/pool/cut1 (0.69s)
    --- PASS: TestReplayAcceptsEveryPartialFileWrite/pool/cut2 (0.80s)
    --- PASS: TestReplayAcceptsEveryPartialFileWrite/pool/cut3 (0.77s)
    --- PASS: TestReplayAcceptsEveryPartialFileWrite/pool/cut4 (0.75s)
    --- PASS: TestReplayAcceptsEveryPartialFileWrite/pool/cut5 (0.81s)
    --- PASS: TestReplayAcceptsEveryPartialFileWrite/select/cut0 (0.66s)
    --- PASS: TestReplayAcceptsEveryPartialFileWrite/select/cut1 (0.66s)
    --- PASS: TestReplayAcceptsEveryPartialFileWrite/select/cut2 (0.66s)
    --- PASS: TestReplayAcceptsEveryPartialFileWrite/select/cut3 (0.64s)
    --- PASS: TestReplayAcceptsEveryPartialFileWrite/select/cut4 (0.61s)
    --- PASS: TestReplayAcceptsEveryPartialFileWrite/select/cut5 (0.59s)
    --- PASS: TestReplayAcceptsEveryPartialFileWrite/restore/cut0 (0.55s)
    --- PASS: TestReplayAcceptsEveryPartialFileWrite/restore/cut1 (0.52s)
    --- PASS: TestReplayAcceptsEveryPartialFileWrite/restore/cut2 (0.59s)
    --- PASS: TestReplayAcceptsEveryPartialFileWrite/restore/cut3 (0.63s)
    --- PASS: TestReplayAcceptsEveryPartialFileWrite/restore/cut4 (0.61s)
    --- PASS: TestReplayAcceptsEveryPartialFileWrite/restore/cut5 (0.60s)
=== RUN   TestCommitPersistsReplayProofBeforeFailedSelection
--- PASS: TestCommitPersistsReplayProofBeforeFailedSelection (0.69s)
=== RUN   TestLegacyInitialReplayWithoutIdentityRefusesAmbiguity
--- PASS: TestLegacyInitialReplayWithoutIdentityRefusesAmbiguity (0.01s)
=== RUN   TestLegacyReplayWithMatchingIdentity
--- PASS: TestLegacyReplayWithMatchingIdentity (0.66s)
PASS
ok  	github.com/jarymor-ux/kee-route-manager/internal/core	45.465s
=== RUN   TestLegacyOversizedEventDoesNotBlockStateRecovery
--- PASS: TestLegacyOversizedEventDoesNotBlockStateRecovery (0.08s)
=== RUN   TestEventSerializedBoundIncludesFieldsAndEscaping
--- PASS: TestEventSerializedBoundIncludesFieldsAndEscaping (15.21s)
=== RUN   TestJournalSurvivesEveryStage
=== RUN   TestJournalSurvivesEveryStage/PREPARED
=== RUN   TestJournalSurvivesEveryStage/XRAY_FILES_STAGED
=== RUN   TestJournalSurvivesEveryStage/XRAY_RUNTIME_APPLIED
=== RUN   TestJournalSurvivesEveryStage/FIREWALL_APPLIED
=== RUN   TestJournalSurvivesEveryStage/SELECTION_APPLIED
=== RUN   TestJournalSurvivesEveryStage/STATE_COMMITTED
--- PASS: TestJournalSurvivesEveryStage (0.15s)
    --- PASS: TestJournalSurvivesEveryStage/PREPARED (0.01s)
    --- PASS: TestJournalSurvivesEveryStage/XRAY_FILES_STAGED (0.01s)
    --- PASS: TestJournalSurvivesEveryStage/XRAY_RUNTIME_APPLIED (0.02s)
    --- PASS: TestJournalSurvivesEveryStage/FIREWALL_APPLIED (0.03s)
    --- PASS: TestJournalSurvivesEveryStage/SELECTION_APPLIED (0.04s)
    --- PASS: TestJournalSurvivesEveryStage/STATE_COMMITTED (0.04s)
=== RUN   TestJournalRejectsSkippedStages
--- PASS: TestJournalRejectsSkippedStages (0.01s)
=== RUN   TestCorruptStateFallsBackToPrevious
--- PASS: TestCorruptStateFallsBackToPrevious (0.03s)
=== RUN   TestRejectInvalidStateMutation
--- PASS: TestRejectInvalidStateMutation (0.00s)
=== RUN   TestBothInvalidCopiesEnterRecovery
--- PASS: TestBothInvalidCopiesEnterRecovery (0.00s)
=== RUN   TestPreviousRecoveryIncludesMatchingNodeCache
--- PASS: TestPreviousRecoveryIncludesMatchingNodeCache (0.04s)
=== RUN   TestStateNodesEvents
--- PASS: TestStateNodesEvents (0.01s)
PASS
ok  	github.com/jarymor-ux/kee-route-manager/internal/store	17.602s
=== RUN   TestOutboundReality
--- PASS: TestOutboundReality (0.00s)
=== RUN   TestPatchBaseRoute
--- PASS: TestPatchBaseRoute (0.03s)
=== RUN   TestManagedBalancerDoesNotSelectDirectByDefault
--- PASS: TestManagedBalancerDoesNotSelectDirectByDefault (0.00s)
=== RUN   TestBootstrapInstallsManagedConfigAndSelectsInitialSlot
--- PASS: TestBootstrapInstallsManagedConfigAndSelectsInitialSlot (1.16s)
=== RUN   TestWaitReadyHonorsContext
--- PASS: TestWaitReadyHonorsContext (0.02s)
=== RUN   TestRestoreNeverConfiguredInstallationIsIdempotent
--- PASS: TestRestoreNeverConfiguredInstallationIsIdempotent (0.00s)
=== RUN   TestCommandOutputIsBoundedDuringConcurrentReads
--- PASS: TestCommandOutputIsBoundedDuringConcurrentReads (0.00s)
=== RUN   TestValidationHonorsCommandTimeoutAndKillsChildren
--- PASS: TestValidationHonorsCommandTimeoutAndKillsChildren (0.03s)
=== RUN   TestRegressionDuplicateRestore
=== RUN   TestRegressionDuplicateRestore/true
    review_regression_test.go:82: pre-restore configured=true drift=""
    review_regression_test.go:91: duplicate=true restored first outbound=vless-reality
=== RUN   TestRegressionDuplicateRestore/false
    review_regression_test.go:82: pre-restore configured=true drift=""
    review_regression_test.go:91: duplicate=false restored first outbound=vless-reality
--- PASS: TestRegressionDuplicateRestore (0.78s)
    --- PASS: TestRegressionDuplicateRestore/true (0.39s)
    --- PASS: TestRegressionDuplicateRestore/false (0.39s)
=== RUN   TestRegressionPoolRollback
=== RUN   TestRegressionPoolRollback/false
    review_regression_test.go:179: retainOld=false error=replace slot 1: injected ado failure runtime slot1 protocol=vless
=== RUN   TestRegressionPoolRollback/true
    review_regression_test.go:179: retainOld=true error=replace slot 1: injected ado failure runtime slot1 protocol=vless
--- PASS: TestRegressionPoolRollback (0.54s)
    --- PASS: TestRegressionPoolRollback/false (0.26s)
    --- PASS: TestRegressionPoolRollback/true (0.28s)
=== RUN   TestRegressionRestoreRefusesDuplicateMultiplicityDrift
=== RUN   TestRegressionRestoreRefusesDuplicateMultiplicityDrift/1
=== RUN   TestRegressionRestoreRefusesDuplicateMultiplicityDrift/2
=== RUN   TestRegressionRestoreRefusesDuplicateMultiplicityDrift/3
--- PASS: TestRegressionRestoreRefusesDuplicateMultiplicityDrift (0.03s)
    --- PASS: TestRegressionRestoreRefusesDuplicateMultiplicityDrift/1 (0.00s)
    --- PASS: TestRegressionRestoreRefusesDuplicateMultiplicityDrift/2 (0.02s)
    --- PASS: TestRegressionRestoreRefusesDuplicateMultiplicityDrift/3 (0.00s)
=== RUN   TestManagedRoutingNeverRandomlySelectsEmptySlots
--- PASS: TestManagedRoutingNeverRandomlySelectsEmptySlots (0.00s)
PASS
ok  	github.com/jarymor-ux/kee-route-manager/internal/xray	3.981s
?   	github.com/jarymor-ux/kee-route-manager/internal/tunnel	[no test files]
