=== RUN   TestRegressionDuplicateRestore
=== RUN   TestRegressionDuplicateRestore/true
    review_regression_test.go:81: pre-restore configured=true drift=""
    review_regression_test.go:90: duplicate=true restored first outbound=user-direct
    review_regression_test.go:93: unexpected observation user-direct
=== RUN   TestRegressionDuplicateRestore/false
    review_regression_test.go:81: pre-restore configured=true drift=""
    review_regression_test.go:90: duplicate=false restored first outbound=vless-reality
--- FAIL: TestRegressionDuplicateRestore (0.60s)
    --- FAIL: TestRegressionDuplicateRestore/true (0.31s)
    --- PASS: TestRegressionDuplicateRestore/false (0.29s)
=== RUN   TestRegressionPoolRollback
=== RUN   TestRegressionPoolRollback/false
    review_regression_test.go:159: retainOld=false error=replace slot 1: injected ado failure runtime slot1 protocol=blackhole
    review_regression_test.go:162: unexpected observation blackhole
=== RUN   TestRegressionPoolRollback/true
    review_regression_test.go:159: retainOld=true error=replace slot 1: injected ado failure runtime slot1 protocol=vless
--- FAIL: TestRegressionPoolRollback (0.48s)
    --- FAIL: TestRegressionPoolRollback/false (0.24s)
    --- PASS: TestRegressionPoolRollback/true (0.24s)
FAIL
FAIL	github.com/jarymor-ux/kee-route-manager/internal/xray	1.443s
FAIL
